I'm sorry, but errors were detected in your script. Please correct the
errors listed below, and try again.


File "game/script.rpy", line 205: end of line expected.
    c "Do you want to watch the concert? It looks really good!":
                                                               ^

Ren'Py Version: Ren'Py 7.4.11.2266
Thu Apr 21 22:17:45 2022
